[
  "ChannelConfig",
  "ChannelContext",
  "ChatConversationStore",
  "ChatTaskResponder",
  "ChatTaskResponderConfig",
  "ConversationMessage",
  "GenerateImageOptions",
  "GenerateImageResult",
  "GenerateTextOptions",
  "GenerateTextResult",
  "SecurityTier",
  "StreamPart",
  "StreamTextResult",
  "ToolApprovalRequest",
  "ToolCallRecord",
  "WunderlandAgentConfig",
  "WunderlandApp",
  "WunderlandApprovalsMode",
  "WunderlandConfigError",
  "WunderlandConfigIssue",
  "WunderlandDiagnostics",
  "WunderlandGraphLike",
  "WunderlandMessage",
  "WunderlandOptions",
  "WunderlandProviderId",
  "WunderlandSession",
  "WunderlandTurnResult",
  "WunderlandUsageSummary",
  "WunderlandWorkspace",
  "checkSecurity",
  "generateImage",
  "generateText",
  "resolveToolAllowlist",
  "streamText"
]
